<html>
<body>
<pre>
<h1>µVision Build Log</h1>
<h2>Tool Versions:</h2>
IDE-Version: ¦ÌVision V5.18.0.0
Copyright (C) 2016 ARM Ltd and ARM Germany GmbH. All rights reserved.
License Information: ma AAA, ecnu, LIC=W96CK-Z8UYL-359TX-HSI4H-S74GT-XQR35
 
Tool Versions:
Toolchain:       MDK-ARM Professional  Version: 5.18
Toolchain Path:  D:\Software\Keil5\ARM\ARMCC\Bin
C Compiler:      Armcc.exe V5.06 update 1 (build 61)
Assembler:       Armasm.exe V5.06 update 1 (build 61)
Linker/Locator:  ArmLink.exe V5.06 update 1 (build 61)
Library Manager: ArmAr.exe V5.06 update 1 (build 61)
Hex Converter:   FromElf.exe V5.06 update 1 (build 61)
CPU DLL:         SARMCM3.DLL V5.18
Dialog DLL:      DCM.DLL V1.13.6.0
Target DLL:      Segger\JL2CM3.dll V2.99.18.0
Dialog DLL:      TCM.DLL V1.14.8.0
 
<h2>Project:</h2>
D:\Project\STM32H723\CubeMXtest\1\MDK-ARM\1.uvprojx
Project File Date:  09/01/2022

<h2>Output:</h2>
*** Using Compiler 'V5.06 update 1 (build 61)', folder: 'D:\Software\Keil5\ARM\ARMCC\Bin'
Build target '1'
compiling CDD_L9963_drv_interface.c...
compiling CDD_L9963_LLD.c...
compiling main.c...
../Core/Src/main.c(102): warning:  #177-D: variable "t" was declared but never referenced
  	uint8_t t = 0;
../Core/Src/main.c(112): warning:  #177-D: variable "spi_mosi" was declared but never referenced
  	uint8_t spi_mosi[5];
../Core/Src/main.c: 2 warnings, 0 errors
compiling stm32h7xx_hal_spi.c...
compiling CDD_L9963_drv.c...
linking...
Program Size: Code=14162 RO-data=766 RW-data=352 ZI-data=11432  
FromELF: creating hex file...
"1\1.axf" - 0 Error(s), 2 Warning(s).

<h2>Software Packages used:</h2>

Package Vendor: ARM
                http://www.keil.com/pack/ARM.CMSIS.4.5.0.pack
                ARM::CMSIS:CORE:4.3.0
                CMSIS (Cortex Microcontroller Software Interface Standard)
   * Component: CORE Version: 4.3.0

<h2>Collection of Component include folders:</h2>
  D:\Project\STM32H723\CubeMXtest\1\MDK-ARM\RTE
  D:\Software\Keil5\ARM\PACK\ARM\CMSIS\4.5.0\CMSIS\Include
  D:\Software\Keil5\ARM\PACK\Keil\STM32H7xx_DFP\3.0.0\Drivers\CMSIS\Device\ST\STM32H7xx\Include

<h2>Collection of Component Files used:</h2>

   * Component: ARM::CMSIS:CORE:4.3.0
Build Time Elapsed:  00:00:08
</pre>
</body>
</html>
